Usunąłem warunek sprawdzający poprawność otwwarcia pliku oraz plik, który miał być otwarty.
Program się skompilował.
Podczas wykonywania rzucił: Segmentation fault (core dumped).
Uruchomiłem gdb poleceniem: gdb tests.run core

Core was generated by `           '.
Program terminated with signal SIGSEGV, Segmentation fault.
#0  0x0000000000400b26 in contact_tree_add_contacts (tree=0x7ffe8130d4f6, data=0x7ffe8130d4f0, max_line_size=876)
    at tests.c:51
51	    char line[max_line_size];


Ustawiłem breakpointa

57	    while(fgets(line, max_line_size, data) != NULL) {
(gdb) step
_IO_fgets (buf=0x7fffffffda40 "[", n=150, fp=0x0) at iofgets.c:37
37	iofgets.c: No such file or directory.
(gdb) step
32	in iofgets.c
(gdb) step
37	in iofgets.c
(gdb) step
39	in iofgets.c
(gdb) step
47	in iofgets.c
(gdb) step

Program received signal SIGSEGV, Segmentation fault.

Można zauważyć, że funkcja fgets została wywołana z arhumentem data = 0x0(NULL) i dlatego jest zwracany błąd.

